mode: set
github.com/tienphuckx/ecom-backbone-api.git/test/basic/main.go:3.24,5.2 1 0
github.com/tienphuckx/ecom-backbone-api.git/test/basic/main.go:7.24,9.2 1 1
